
> finance-backend@1.0.0 test
> node --experimental-vm-modules node_modules/jest/bin/jest.js

node.exe : (node:23176) 
ExperimentalWarning: VM Modules is an 
experimental feature and might change 
at any time
At C:\Program Files\nodejs\npm.ps1:29 
char:3
+   & $NODE_EXE $NPM_CLI_JS $args
+   ~~~~~~~~~~~~~~~~~~~~~~~~~~~~~
    + CategoryInfo          : NotSpec 
   ified: ((node:23176) Ex...nge at   
  any time:String) [], RemoteExcept   
 ion
    + FullyQualifiedErrorId : NativeC 
   ommandError
 
(Use `node --trace-warnings ...` to 
show where the warning was created)
(node:16076) ExperimentalWarning: VM 
Modules is an experimental feature 
and might change at any time
(Use `node --trace-warnings ...` to 
show where the warning was created)
(node:24980) ExperimentalWarning: VM 
Modules is an experimental feature 
and might change at any time
(Use `node --trace-warnings ...` to 
show where the warning was created)
::ffff:127.0.0.1 - - [05/Apr/2026:11:32:07 +0000] "POST /api/v1/auth/register HTTP/1.1" 201 481 "-" "-"
::ffff:127.0.0.1 - - [05/Apr/2026:11:32:07 +0000] "POST /api/v1/records HTTP/1.1" 201 410 "-" "-"
::ffff:127.0.0.1 - - [05/Apr/2026:11:32:07 +0000] "POST /api/v1/records HTTP/1.1" 401 63 "-" "-"
::ffff:127.0.0.1 - - [05/Apr/2026:11:32:07 +0000] "POST /api/v1/records HTTP/1.1" 400 204 "-" "-"
::ffff:127.0.0.1 - - [05/Apr/2026:11:32:08 +0000] "POST /api/v1/auth/register HTTP/1.1" 201 470 "-" "-"
::ffff:127.0.0.1 - - [05/Apr/2026:11:32:08 +0000] "POST /api/v1/auth/register HTTP/1.1" 400 54 "-" "-"
::ffff:127.0.0.1 - - [05/Apr/2026:11:32:08 +0000] "POST /api/v1/auth/register HTTP/1.1" 400 158 "-" "-"
::ffff:127.0.0.1 - - [05/Apr/2026:11:32:08 +0000] "POST /api/v1/auth/register HTTP/1.1" 400 117 "-" "-"
::ffff:127.0.0.1 - - [05/Apr/2026:11:32:08 +0000] "POST /api/v1/records HTTP/1.1" 400 125 "-" "-"
::ffff:127.0.0.1 - - [05/Apr/2026:11:32:08 +0000] "POST /api/v1/records HTTP/1.1" 400 122 "-" "-"
::ffff:127.0.0.1 - - [05/Apr/2026:11:32:08 +0000] "POST /api/v1/auth/login HTTP/1.1" 200 502 "-" "-"
::ffff:127.0.0.1 - - [05/Apr/2026:11:32:08 +0000] "POST /api/v1/auth/register HTTP/1.1" 201 481 "-" "-"
::ffff:127.0.0.1 - - [05/Apr/2026:11:32:08 +0000] "POST /api/v1/auth/login HTTP/1.1" 401 55 "-" "-"
::ffff:127.0.0.1 - - [05/Apr/2026:11:32:08 +0000] "POST /api/v1/auth/login HTTP/1.1" 401 55 "-" "-"
::ffff:127.0.0.1 - - [05/Apr/2026:11:32:08 +0000] "POST /api/v1/auth/login HTTP/1.1" 400 160 "-" "-"
::ffff:127.0.0.1 - - [05/Apr/2026:11:32:08 +0000] "GET /api/v1/auth/me HTTP/1.1" 200 256 "-" "-"
::ffff:127.0.0.1 - - [05/Apr/2026:11:32:08 +0000] "GET /api/v1/auth/me HTTP/1.1" 401 63 "-" "-"
::ffff:127.0.0.1 - - [05/Apr/2026:11:32:08 +0000] "GET /api/v1/auth/me HTTP/1.1" 401 65 "-" "-"
::ffff:127.0.0.1 - - [05/Apr/2026:11:32:08 +0000] "POST /api/v1/auth/register HTTP/1.1" 201 477 "-" "-"
::ffff:127.0.0.1 - - [05/Apr/2026:11:32:08 +0000] "GET /api/v1/analytics/dashboard HTTP/1.1" 200 1082 "-" "-"
::ffff:127.0.0.1 - - [05/Apr/2026:11:32:08 +0000] "GET /api/v1/analytics/dashboard HTTP/1.1" 401 63 "-" "-"
::ffff:127.0.0.1 - - [05/Apr/2026:11:32:08 +0000] "GET /api/v1/analytics/insights HTTP/1.1" 200 307 "-" "-"
::ffff:127.0.0.1 - - [05/Apr/2026:11:32:08 +0000] "GET /api/v1/records HTTP/1.1" 200 3084 "-" "-"
PASS tests/analytics.test.js
::ffff:127.0.0.1 - - [05/Apr/2026:11:32:08 +0000] "GET /api/v1/analytics/insights HTTP/1.1" 403 82 "-" "-"
::ffff:127.0.0.1 - - [05/Apr/2026:11:32:08 +0000] "GET /api/v1/analytics/insights HTTP/1.1" 401 63 "-" "-"
::ffff:127.0.0.1 - - [05/Apr/2026:11:32:08 +0000] "GET /api/v1/analytics/comparison HTTP/1.1" 200 500 "-" "-"
::ffff:127.0.0.1 - - [05/Apr/2026:11:32:08 +0000] "GET /api/v1/analytics/comparison HTTP/1.1" 403 82 "-" "-"
::ffff:127.0.0.1 - - [05/Apr/2026:11:32:08 +0000] "GET /api/v1/records?type=income HTTP/1.1" 200 2171 "-" "-"
::ffff:127.0.0.1 - - [05/Apr/2026:11:32:08 +0000] "POST /api/v1/auth/change-password HTTP/1.1" 200 275 "-" "-"
::ffff:127.0.0.1 - - [05/Apr/2026:11:32:08 +0000] "POST /api/v1/auth/login HTTP/1.1" 200 502 "-" "-"
::ffff:127.0.0.1 - - [05/Apr/2026:11:32:08 +0000] "POST /api/v1/auth/change-password HTTP/1.1" 401 59 "-" "-"
::ffff:127.0.0.1 - - [05/Apr/2026:11:32:08 +0000] "POST /api/v1/auth/change-password HTTP/1.1" 401 63 "-" "-"
PASS tests/auth.test.js
::ffff:127.0.0.1 - - [05/Apr/2026:11:32:08 +0000] "POST /api/v1/auth/logout HTTP/1.1" 200 52 "-" "-"
::ffff:127.0.0.1 - - [05/Apr/2026:11:32:08 +0000] "POST /api/v1/auth/logout HTTP/1.1" 401 63 "-" "-"
::ffff:127.0.0.1 - - [05/Apr/2026:11:32:08 +0000] "GET /api/v1/records?page=1&limit=5 HTTP/1.1" 200 1502 "-" "-"
::ffff:127.0.0.1 - - [05/Apr/2026:11:32:08 +0000] "GET /api/v1/records HTTP/1.1" 401 63 "-" "-"
::ffff:127.0.0.1 - - [05/Apr/2026:11:32:09 +0000] "GET /api/v1/records/69d24837e244234b16ca5530 HTTP/1.1" 200 429 "-" "-"
::ffff:127.0.0.1 - - [05/Apr/2026:11:32:09 +0000] "GET /api/v1/records/not-a-valid-id HTTP/1.1" 400 47 "-" "-"
::ffff:127.0.0.1 - - [05/Apr/2026:11:32:09 +0000] "GET /api/v1/records/69d24839e244234b16ca5550 HTTP/1.1" 404 46 "-" "-"
::ffff:127.0.0.1 - - [05/Apr/2026:11:32:09 +0000] "PATCH /api/v1/records/69d24837e244234b16ca5530 HTTP/1.1" 200 439 "-" "-"
::ffff:127.0.0.1 - - [05/Apr/2026:11:32:09 +0000] "PATCH /api/v1/records/69d24837e244234b16ca5530 HTTP/1.1" 400 122 "-" "-"
::ffff:127.0.0.1 - - [05/Apr/2026:11:32:09 +0000] "PATCH /api/v1/records/badid HTTP/1.1" 400 47 "-" "-"
::ffff:127.0.0.1 - - [05/Apr/2026:11:32:09 +0000] "GET /api/v1/records/categories HTTP/1.1" 200 90 "-" "-"
::ffff:127.0.0.1 - - [05/Apr/2026:11:32:09 +0000] "DELETE /api/v1/records/69d24837e244234b16ca5530 HTTP/1.1" 200 56 "-" "-"
::ffff:127.0.0.1 - - [05/Apr/2026:11:32:10 +0000] "GET /api/v1/records HTTP/1.1" 200 2578 "-" "-"
::ffff:127.0.0.1 - - [05/Apr/2026:11:32:10 +0000] "DELETE /api/v1/records/badid HTTP/1.1" 400 47 "-" "-"
PASS tests/records.test.js

Test Suites: 3 passed, 3 total
Tests:       43 passed, 43 total
Snapshots:   0 total
Time:        5.162 s, estimated 26 s
Ran all test suites.
